// Vitest Snapshot v1, https://vitest.dev/guide/snapshot.html

exports[`LevelSelector > options.restrictResolution > should render the restricted quality level label 1`] = `
"<button class="gplayer-lite-btn gcore-skin-text-color gear-option">
    
    <span>Quality</span>
    <span class="gear-option_arrow-right-icon">/assets/icons/new/arrow-right.svg</span>
    <span class="gear-option_value">360p</span>
</button>
"
`;
